00:57:49 **** Incremental Build of configuration Debug for project epsSubsystem ****
make all 
Building file: ../Src/main.c
Invoking: MCU GCC Compiler
/home/ariolis/upsat-eps-software/epsSubsystem/epsSubsystem/Debug
arm-none-eabi-gcc -mcpu=cortex-m3 -mthumb -mfloat-abi=soft -D__weak="__attribute__((weak))" -D__packed="__attribute__((__packed__))" -DUSE_HAL_DRIVER -DSTM32L152xB -I"/home/ariolis/upsat-eps-software/epsSubsystem/epsSubsystem/Inc" -I"/home/ariolis/upsat-eps-software/epsSubsystem/epsSubsystem/Drivers/STM32L1xx_HAL_Driver/Inc" -I"/home/ariolis/upsat-eps-software/epsSubsystem/epsSubsystem/Drivers/STM32L1xx_HAL_Driver/Inc/Legacy" -I"/home/ariolis/upsat-eps-software/epsSubsystem/epsSubsystem/Drivers/CMSIS/Include" -I"/home/ariolis/upsat-eps-software/epsSubsystem/epsSubsystem/Drivers/CMSIS/Device/ST/STM32L1xx/Include"  -Os -g3 -Wall -fmessage-length=0 -ffunction-sections -c -fmessage-length=0 -MMD -MP -MF"Src/main.d" -MT"Src/main.o" -o "Src/main.o" "../Src/main.c"
Finished building: ../Src/main.c
 
Building target: epsSubsystem.elf
Invoking: MCU GCC Linker
arm-none-eabi-gcc -mcpu=cortex-m3 -mthumb -mfloat-abi=soft -specs=nosys.specs -specs=nano.specs -T"../STM32L152RBTx_FLASH.ld" -Wl,-Map=output.map -Wl,--gc-sections -lm -o "epsSubsystem.elf" @"objects.list"  
Finished building target: epsSubsystem.elf
 
make --no-print-directory post-build
Generating binary and Printing size information:
arm-none-eabi-objcopy -O binary "epsSubsystem.elf" "epsSubsystem.bin"
arm-none-eabi-size "epsSubsystem.elf"
   text	   data	    bss	    dec	    hex	filename
   9576	     16	   3144	  12736	   31c0	epsSubsystem.elf
 
