23:06:36 **** Build of configuration Debug for project epsSubsystem ****
make all 
Building file: ../Src/main.c
Invoking: MCU GCC Compiler
/home/ariolis/upsat-eps-software/epsSubsystem/epsSubsystem/Debug
arm-none-eabi-gcc -mcpu=cortex-m3 -mthumb -mfloat-abi=soft -D__weak="__attribute__((weak))" -D__packed="__attribute__((__packed__))" -DUSE_HAL_DRIVER -DSTM32L152xB -I"/home/ariolis/upsat-eps-software/epsSubsystem/epsSubsystem/Inc" -I"/home/ariolis/upsat-eps-software/epsSubsystem/epsSubsystem/Drivers/STM32L1xx_HAL_Driver/Inc" -I"/home/ariolis/upsat-eps-software/epsSubsystem/epsSubsystem/Drivers/STM32L1xx_HAL_Driver/Inc/Legacy" -I"/home/ariolis/upsat-eps-software/epsSubsystem/epsSubsystem/Drivers/CMSIS/Include" -I"/home/ariolis/upsat-eps-software/epsSubsystem/epsSubsystem/Drivers/CMSIS/Device/ST/STM32L1xx/Include"  -O0 -g3 -Wall -fmessage-length=0 -ffunction-sections -c -fmessage-length=0 -MMD -MP -MF"Src/main.d" -MT"Src/main.o" -o "Src/main.o" "../Src/main.c"
Finished building: ../Src/main.c
 
Building file: ../Src/stm32l1xx_hal_msp.c
Invoking: MCU GCC Compiler
/home/ariolis/upsat-eps-software/epsSubsystem/epsSubsystem/Debug
arm-none-eabi-gcc -mcpu=cortex-m3 -mthumb -mfloat-abi=soft -D__weak="__attribute__((weak))" -D__packed="__attribute__((__packed__))" -DUSE_HAL_DRIVER -DSTM32L152xB -I"/home/ariolis/upsat-eps-software/epsSubsystem/epsSubsystem/Inc" -I"/home/ariolis/upsat-eps-software/epsSubsystem/epsSubsystem/Drivers/STM32L1xx_HAL_Driver/Inc" -I"/home/ariolis/upsat-eps-software/epsSubsystem/epsSubsystem/Drivers/STM32L1xx_HAL_Driver/Inc/Legacy" -I"/home/ariolis/upsat-eps-software/epsSubsystem/epsSubsystem/Drivers/CMSIS/Include" -I"/home/ariolis/upsat-eps-software/epsSubsystem/epsSubsystem/Drivers/CMSIS/Device/ST/STM32L1xx/Include"  -O0 -g3 -Wall -fmessage-length=0 -ffunction-sections -c -fmessage-length=0 -MMD -MP -MF"Src/stm32l1xx_hal_msp.d" -MT"Src/stm32l1xx_hal_msp.o" -o "Src/stm32l1xx_hal_msp.o" "../Src/stm32l1xx_hal_msp.c"
Finished building: ../Src/stm32l1xx_hal_msp.c
 
Building file: ../Src/stm32l1xx_it.c
Invoking: MCU GCC Compiler
/home/ariolis/upsat-eps-software/epsSubsystem/epsSubsystem/Debug
arm-none-eabi-gcc -mcpu=cortex-m3 -mthumb -mfloat-abi=soft -D__weak="__attribute__((weak))" -D__packed="__attribute__((__packed__))" -DUSE_HAL_DRIVER -DSTM32L152xB -I"/home/ariolis/upsat-eps-software/epsSubsystem/epsSubsystem/Inc" -I"/home/ariolis/upsat-eps-software/epsSubsystem/epsSubsystem/Drivers/STM32L1xx_HAL_Driver/Inc" -I"/home/ariolis/upsat-eps-software/epsSubsystem/epsSubsystem/Drivers/STM32L1xx_HAL_Driver/Inc/Legacy" -I"/home/ariolis/upsat-eps-software/epsSubsystem/epsSubsystem/Drivers/CMSIS/Include" -I"/home/ariolis/upsat-eps-software/epsSubsystem/epsSubsystem/Drivers/CMSIS/Device/ST/STM32L1xx/Include"  -O0 -g3 -Wall -fmessage-length=0 -ffunction-sections -c -fmessage-length=0 -MMD -MP -MF"Src/stm32l1xx_it.d" -MT"Src/stm32l1xx_it.o" -o "Src/stm32l1xx_it.o" "../Src/stm32l1xx_it.c"
Finished building: ../Src/stm32l1xx_it.c
 
Building file: ../Drivers/STM32L1xx_HAL_Driver/Src/stm32l1xx_hal.c
Invoking: MCU GCC Compiler
/home/ariolis/upsat-eps-software/epsSubsystem/epsSubsystem/Debug
arm-none-eabi-gcc -mcpu=cortex-m3 -mthumb -mfloat-abi=soft -D__weak="__attribute__((weak))" -D__packed="__attribute__((__packed__))" -DUSE_HAL_DRIVER -DSTM32L152xB -I"/home/ariolis/upsat-eps-software/epsSubsystem/epsSubsystem/Inc" -I"/home/ariolis/upsat-eps-software/epsSubsystem/epsSubsystem/Drivers/STM32L1xx_HAL_Driver/Inc" -I"/home/ariolis/upsat-eps-software/epsSubsystem/epsSubsystem/Drivers/STM32L1xx_HAL_Driver/Inc/Legacy" -I"/home/ariolis/upsat-eps-software/epsSubsystem/epsSubsystem/Drivers/CMSIS/Include" -I"/home/ariolis/upsat-eps-software/epsSubsystem/epsSubsystem/Drivers/CMSIS/Device/ST/STM32L1xx/Include"  -O0 -g3 -Wall -fmessage-length=0 -ffunction-sections -c -fmessage-length=0 -MMD -MP -MF"Drivers/STM32L1xx_HAL_Driver/Src/stm32l1xx_hal.d" -MT"Drivers/STM32L1xx_HAL_Driver/Src/stm32l1xx_hal.o" -o "Drivers/STM32L1xx_HAL_Driver/Src/stm32l1xx_hal.o" "../Drivers/STM32L1xx_HAL_Driver/Src/stm32l1xx_hal.c"
Finished building: ../Drivers/STM32L1xx_HAL_Driver/Src/stm32l1xx_hal.c
 
Building file: ../Drivers/STM32L1xx_HAL_Driver/Src/stm32l1xx_hal_adc.c
Invoking: MCU GCC Compiler
/home/ariolis/upsat-eps-software/epsSubsystem/epsSubsystem/Debug
arm-none-eabi-gcc -mcpu=cortex-m3 -mthumb -mfloat-abi=soft -D__weak="__attribute__((weak))" -D__packed="__attribute__((__packed__))" -DUSE_HAL_DRIVER -DSTM32L152xB -I"/home/ariolis/upsat-eps-software/epsSubsystem/epsSubsystem/Inc" -I"/home/ariolis/upsat-eps-software/epsSubsystem/epsSubsystem/Drivers/STM32L1xx_HAL_Driver/Inc" -I"/home/ariolis/upsat-eps-software/epsSubsystem/epsSubsystem/Drivers/STM32L1xx_HAL_Driver/Inc/Legacy" -I"/home/ariolis/upsat-eps-software/epsSubsystem/epsSubsystem/Drivers/CMSIS/Include" -I"/home/ariolis/upsat-eps-software/epsSubsystem/epsSubsystem/Drivers/CMSIS/Device/ST/STM32L1xx/Include"  -O0 -g3 -Wall -fmessage-length=0 -ffunction-sections -c -fmessage-length=0 -MMD -MP -MF"Drivers/STM32L1xx_HAL_Driver/Src/stm32l1xx_hal_adc.d" -MT"Drivers/STM32L1xx_HAL_Driver/Src/stm32l1xx_hal_adc.o" -o "Drivers/STM32L1xx_HAL_Driver/Src/stm32l1xx_hal_adc.o" "../Drivers/STM32L1xx_HAL_Driver/Src/stm32l1xx_hal_adc.c"
Finished building: ../Drivers/STM32L1xx_HAL_Driver/Src/stm32l1xx_hal_adc.c
 
Building file: ../Drivers/STM32L1xx_HAL_Driver/Src/stm32l1xx_hal_adc_ex.c
Invoking: MCU GCC Compiler
/home/ariolis/upsat-eps-software/epsSubsystem/epsSubsystem/Debug
arm-none-eabi-gcc -mcpu=cortex-m3 -mthumb -mfloat-abi=soft -D__weak="__attribute__((weak))" -D__packed="__attribute__((__packed__))" -DUSE_HAL_DRIVER -DSTM32L152xB -I"/home/ariolis/upsat-eps-software/epsSubsystem/epsSubsystem/Inc" -I"/home/ariolis/upsat-eps-software/epsSubsystem/epsSubsystem/Drivers/STM32L1xx_HAL_Driver/Inc" -I"/home/ariolis/upsat-eps-software/epsSubsystem/epsSubsystem/Drivers/STM32L1xx_HAL_Driver/Inc/Legacy" -I"/home/ariolis/upsat-eps-software/epsSubsystem/epsSubsystem/Drivers/CMSIS/Include" -I"/home/ariolis/upsat-eps-software/epsSubsystem/epsSubsystem/Drivers/CMSIS/Device/ST/STM32L1xx/Include"  -O0 -g3 -Wall -fmessage-length=0 -ffunction-sections -c -fmessage-length=0 -MMD -MP -MF"Drivers/STM32L1xx_HAL_Driver/Src/stm32l1xx_hal_adc_ex.d" -MT"Drivers/STM32L1xx_HAL_Driver/Src/stm32l1xx_hal_adc_ex.o" -o "Drivers/STM32L1xx_HAL_Driver/Src/stm32l1xx_hal_adc_ex.o" "../Drivers/STM32L1xx_HAL_Driver/Src/stm32l1xx_hal_adc_ex.c"
Finished building: ../Drivers/STM32L1xx_HAL_Driver/Src/stm32l1xx_hal_adc_ex.c
 
Building file: ../Drivers/STM32L1xx_HAL_Driver/Src/stm32l1xx_hal_cortex.c
Invoking: MCU GCC Compiler
/home/ariolis/upsat-eps-software/epsSubsystem/epsSubsystem/Debug
arm-none-eabi-gcc -mcpu=cortex-m3 -mthumb -mfloat-abi=soft -D__weak="__attribute__((weak))" -D__packed="__attribute__((__packed__))" -DUSE_HAL_DRIVER -DSTM32L152xB -I"/home/ariolis/upsat-eps-software/epsSubsystem/epsSubsystem/Inc" -I"/home/ariolis/upsat-eps-software/epsSubsystem/epsSubsystem/Drivers/STM32L1xx_HAL_Driver/Inc" -I"/home/ariolis/upsat-eps-software/epsSubsystem/epsSubsystem/Drivers/STM32L1xx_HAL_Driver/Inc/Legacy" -I"/home/ariolis/upsat-eps-software/epsSubsystem/epsSubsystem/Drivers/CMSIS/Include" -I"/home/ariolis/upsat-eps-software/epsSubsystem/epsSubsystem/Drivers/CMSIS/Device/ST/STM32L1xx/Include"  -O0 -g3 -Wall -fmessage-length=0 -ffunction-sections -c -fmessage-length=0 -MMD -MP -MF"Drivers/STM32L1xx_HAL_Driver/Src/stm32l1xx_hal_cortex.d" -MT"Drivers/STM32L1xx_HAL_Driver/Src/stm32l1xx_hal_cortex.o" -o "Drivers/STM32L1xx_HAL_Driver/Src/stm32l1xx_hal_cortex.o" "../Drivers/STM32L1xx_HAL_Driver/Src/stm32l1xx_hal_cortex.c"
Finished building: ../Drivers/STM32L1xx_HAL_Driver/Src/stm32l1xx_hal_cortex.c
 
Building file: ../Drivers/STM32L1xx_HAL_Driver/Src/stm32l1xx_hal_dma.c
Invoking: MCU GCC Compiler
/home/ariolis/upsat-eps-software/epsSubsystem/epsSubsystem/Debug
arm-none-eabi-gcc -mcpu=cortex-m3 -mthumb -mfloat-abi=soft -D__weak="__attribute__((weak))" -D__packed="__attribute__((__packed__))" -DUSE_HAL_DRIVER -DSTM32L152xB -I"/home/ariolis/upsat-eps-software/epsSubsystem/epsSubsystem/Inc" -I"/home/ariolis/upsat-eps-software/epsSubsystem/epsSubsystem/Drivers/STM32L1xx_HAL_Driver/Inc" -I"/home/ariolis/upsat-eps-software/epsSubsystem/epsSubsystem/Drivers/STM32L1xx_HAL_Driver/Inc/Legacy" -I"/home/ariolis/upsat-eps-software/epsSubsystem/epsSubsystem/Drivers/CMSIS/Include" -I"/home/ariolis/upsat-eps-software/epsSubsystem/epsSubsystem/Drivers/CMSIS/Device/ST/STM32L1xx/Include"  -O0 -g3 -Wall -fmessage-length=0 -ffunction-sections -c -fmessage-length=0 -MMD -MP -MF"Drivers/STM32L1xx_HAL_Driver/Src/stm32l1xx_hal_dma.d" -MT"Drivers/STM32L1xx_HAL_Driver/Src/stm32l1xx_hal_dma.o" -o "Drivers/STM32L1xx_HAL_Driver/Src/stm32l1xx_hal_dma.o" "../Drivers/STM32L1xx_HAL_Driver/Src/stm32l1xx_hal_dma.c"
Finished building: ../Drivers/STM32L1xx_HAL_Driver/Src/stm32l1xx_hal_dma.c
 
Building file: ../Drivers/STM32L1xx_HAL_Driver/Src/stm32l1xx_hal_flash.c
Invoking: MCU GCC Compiler
/home/ariolis/upsat-eps-software/epsSubsystem/epsSubsystem/Debug
arm-none-eabi-gcc -mcpu=cortex-m3 -mthumb -mfloat-abi=soft -D__weak="__attribute__((weak))" -D__packed="__attribute__((__packed__))" -DUSE_HAL_DRIVER -DSTM32L152xB -I"/home/ariolis/upsat-eps-software/epsSubsystem/epsSubsystem/Inc" -I"/home/ariolis/upsat-eps-software/epsSubsystem/epsSubsystem/Drivers/STM32L1xx_HAL_Driver/Inc" -I"/home/ariolis/upsat-eps-software/epsSubsystem/epsSubsystem/Drivers/STM32L1xx_HAL_Driver/Inc/Legacy" -I"/home/ariolis/upsat-eps-software/epsSubsystem/epsSubsystem/Drivers/CMSIS/Include" -I"/home/ariolis/upsat-eps-software/epsSubsystem/epsSubsystem/Drivers/CMSIS/Device/ST/STM32L1xx/Include"  -O0 -g3 -Wall -fmessage-length=0 -ffunction-sections -c -fmessage-length=0 -MMD -MP -MF"Drivers/STM32L1xx_HAL_Driver/Src/stm32l1xx_hal_flash.d" -MT"Drivers/STM32L1xx_HAL_Driver/Src/stm32l1xx_hal_flash.o" -o "Drivers/STM32L1xx_HAL_Driver/Src/stm32l1xx_hal_flash.o" "../Drivers/STM32L1xx_HAL_Driver/Src/stm32l1xx_hal_flash.c"
Finished building: ../Drivers/STM32L1xx_HAL_Driver/Src/stm32l1xx_hal_flash.c
 
Building file: ../Drivers/STM32L1xx_HAL_Driver/Src/stm32l1xx_hal_flash_ex.c
Invoking: MCU GCC Compiler
/home/ariolis/upsat-eps-software/epsSubsystem/epsSubsystem/Debug
arm-none-eabi-gcc -mcpu=cortex-m3 -mthumb -mfloat-abi=soft -D__weak="__attribute__((weak))" -D__packed="__attribute__((__packed__))" -DUSE_HAL_DRIVER -DSTM32L152xB -I"/home/ariolis/upsat-eps-software/epsSubsystem/epsSubsystem/Inc" -I"/home/ariolis/upsat-eps-software/epsSubsystem/epsSubsystem/Drivers/STM32L1xx_HAL_Driver/Inc" -I"/home/ariolis/upsat-eps-software/epsSubsystem/epsSubsystem/Drivers/STM32L1xx_HAL_Driver/Inc/Legacy" -I"/home/ariolis/upsat-eps-software/epsSubsystem/epsSubsystem/Drivers/CMSIS/Include" -I"/home/ariolis/upsat-eps-software/epsSubsystem/epsSubsystem/Drivers/CMSIS/Device/ST/STM32L1xx/Include"  -O0 -g3 -Wall -fmessage-length=0 -ffunction-sections -c -fmessage-length=0 -MMD -MP -MF"Drivers/STM32L1xx_HAL_Driver/Src/stm32l1xx_hal_flash_ex.d" -MT"Drivers/STM32L1xx_HAL_Driver/Src/stm32l1xx_hal_flash_ex.o" -o "Drivers/STM32L1xx_HAL_Driver/Src/stm32l1xx_hal_flash_ex.o" "../Drivers/STM32L1xx_HAL_Driver/Src/stm32l1xx_hal_flash_ex.c"
Finished building: ../Drivers/STM32L1xx_HAL_Driver/Src/stm32l1xx_hal_flash_ex.c
 
Building file: ../Drivers/STM32L1xx_HAL_Driver/Src/stm32l1xx_hal_flash_ramfunc.c
Invoking: MCU GCC Compiler
/home/ariolis/upsat-eps-software/epsSubsystem/epsSubsystem/Debug
arm-none-eabi-gcc -mcpu=cortex-m3 -mthumb -mfloat-abi=soft -D__weak="__attribute__((weak))" -D__packed="__attribute__((__packed__))" -DUSE_HAL_DRIVER -DSTM32L152xB -I"/home/ariolis/upsat-eps-software/epsSubsystem/epsSubsystem/Inc" -I"/home/ariolis/upsat-eps-software/epsSubsystem/epsSubsystem/Drivers/STM32L1xx_HAL_Driver/Inc" -I"/home/ariolis/upsat-eps-software/epsSubsystem/epsSubsystem/Drivers/STM32L1xx_HAL_Driver/Inc/Legacy" -I"/home/ariolis/upsat-eps-software/epsSubsystem/epsSubsystem/Drivers/CMSIS/Include" -I"/home/ariolis/upsat-eps-software/epsSubsystem/epsSubsystem/Drivers/CMSIS/Device/ST/STM32L1xx/Include"  -O0 -g3 -Wall -fmessage-length=0 -ffunction-sections -c -fmessage-length=0 -MMD -MP -MF"Drivers/STM32L1xx_HAL_Driver/Src/stm32l1xx_hal_flash_ramfunc.d" -MT"Drivers/STM32L1xx_HAL_Driver/Src/stm32l1xx_hal_flash_ramfunc.o" -o "Drivers/STM32L1xx_HAL_Driver/Src/stm32l1xx_hal_flash_ramfunc.o" "../Drivers/STM32L1xx_HAL_Driver/Src/stm32l1xx_hal_flash_ramfunc.c"
Finished building: ../Drivers/STM32L1xx_HAL_Driver/Src/stm32l1xx_hal_flash_ramfunc.c
 
Building file: ../Drivers/STM32L1xx_HAL_Driver/Src/stm32l1xx_hal_gpio.c
Invoking: MCU GCC Compiler
/home/ariolis/upsat-eps-software/epsSubsystem/epsSubsystem/Debug
arm-none-eabi-gcc -mcpu=cortex-m3 -mthumb -mfloat-abi=soft -D__weak="__attribute__((weak))" -D__packed="__attribute__((__packed__))" -DUSE_HAL_DRIVER -DSTM32L152xB -I"/home/ariolis/upsat-eps-software/epsSubsystem/epsSubsystem/Inc" -I"/home/ariolis/upsat-eps-software/epsSubsystem/epsSubsystem/Drivers/STM32L1xx_HAL_Driver/Inc" -I"/home/ariolis/upsat-eps-software/epsSubsystem/epsSubsystem/Drivers/STM32L1xx_HAL_Driver/Inc/Legacy" -I"/home/ariolis/upsat-eps-software/epsSubsystem/epsSubsystem/Drivers/CMSIS/Include" -I"/home/ariolis/upsat-eps-software/epsSubsystem/epsSubsystem/Drivers/CMSIS/Device/ST/STM32L1xx/Include"  -O0 -g3 -Wall -fmessage-length=0 -ffunction-sections -c -fmessage-length=0 -MMD -MP -MF"Drivers/STM32L1xx_HAL_Driver/Src/stm32l1xx_hal_gpio.d" -MT"Drivers/STM32L1xx_HAL_Driver/Src/stm32l1xx_hal_gpio.o" -o "Drivers/STM32L1xx_HAL_Driver/Src/stm32l1xx_hal_gpio.o" "../Drivers/STM32L1xx_HAL_Driver/Src/stm32l1xx_hal_gpio.c"
Finished building: ../Drivers/STM32L1xx_HAL_Driver/Src/stm32l1xx_hal_gpio.c
 
Building file: ../Drivers/STM32L1xx_HAL_Driver/Src/stm32l1xx_hal_i2c.c
Invoking: MCU GCC Compiler
/home/ariolis/upsat-eps-software/epsSubsystem/epsSubsystem/Debug
arm-none-eabi-gcc -mcpu=cortex-m3 -mthumb -mfloat-abi=soft -D__weak="__attribute__((weak))" -D__packed="__attribute__((__packed__))" -DUSE_HAL_DRIVER -DSTM32L152xB -I"/home/ariolis/upsat-eps-software/epsSubsystem/epsSubsystem/Inc" -I"/home/ariolis/upsat-eps-software/epsSubsystem/epsSubsystem/Drivers/STM32L1xx_HAL_Driver/Inc" -I"/home/ariolis/upsat-eps-software/epsSubsystem/epsSubsystem/Drivers/STM32L1xx_HAL_Driver/Inc/Legacy" -I"/home/ariolis/upsat-eps-software/epsSubsystem/epsSubsystem/Drivers/CMSIS/Include" -I"/home/ariolis/upsat-eps-software/epsSubsystem/epsSubsystem/Drivers/CMSIS/Device/ST/STM32L1xx/Include"  -O0 -g3 -Wall -fmessage-length=0 -ffunction-sections -c -fmessage-length=0 -MMD -MP -MF"Drivers/STM32L1xx_HAL_Driver/Src/stm32l1xx_hal_i2c.d" -MT"Drivers/STM32L1xx_HAL_Driver/Src/stm32l1xx_hal_i2c.o" -o "Drivers/STM32L1xx_HAL_Driver/Src/stm32l1xx_hal_i2c.o" "../Drivers/STM32L1xx_HAL_Driver/Src/stm32l1xx_hal_i2c.c"
Finished building: ../Drivers/STM32L1xx_HAL_Driver/Src/stm32l1xx_hal_i2c.c
 
Building file: ../Drivers/STM32L1xx_HAL_Driver/Src/stm32l1xx_hal_pwr.c
Invoking: MCU GCC Compiler
/home/ariolis/upsat-eps-software/epsSubsystem/epsSubsystem/Debug
arm-none-eabi-gcc -mcpu=cortex-m3 -mthumb -mfloat-abi=soft -D__weak="__attribute__((weak))" -D__packed="__attribute__((__packed__))" -DUSE_HAL_DRIVER -DSTM32L152xB -I"/home/ariolis/upsat-eps-software/epsSubsystem/epsSubsystem/Inc" -I"/home/ariolis/upsat-eps-software/epsSubsystem/epsSubsystem/Drivers/STM32L1xx_HAL_Driver/Inc" -I"/home/ariolis/upsat-eps-software/epsSubsystem/epsSubsystem/Drivers/STM32L1xx_HAL_Driver/Inc/Legacy" -I"/home/ariolis/upsat-eps-software/epsSubsystem/epsSubsystem/Drivers/CMSIS/Include" -I"/home/ariolis/upsat-eps-software/epsSubsystem/epsSubsystem/Drivers/CMSIS/Device/ST/STM32L1xx/Include"  -O0 -g3 -Wall -fmessage-length=0 -ffunction-sections -c -fmessage-length=0 -MMD -MP -MF"Drivers/STM32L1xx_HAL_Driver/Src/stm32l1xx_hal_pwr.d" -MT"Drivers/STM32L1xx_HAL_Driver/Src/stm32l1xx_hal_pwr.o" -o "Drivers/STM32L1xx_HAL_Driver/Src/stm32l1xx_hal_pwr.o" "../Drivers/STM32L1xx_HAL_Driver/Src/stm32l1xx_hal_pwr.c"
Finished building: ../Drivers/STM32L1xx_HAL_Driver/Src/stm32l1xx_hal_pwr.c
 
Building file: ../Drivers/STM32L1xx_HAL_Driver/Src/stm32l1xx_hal_pwr_ex.c
Invoking: MCU GCC Compiler
/home/ariolis/upsat-eps-software/epsSubsystem/epsSubsystem/Debug
arm-none-eabi-gcc -mcpu=cortex-m3 -mthumb -mfloat-abi=soft -D__weak="__attribute__((weak))" -D__packed="__attribute__((__packed__))" -DUSE_HAL_DRIVER -DSTM32L152xB -I"/home/ariolis/upsat-eps-software/epsSubsystem/epsSubsystem/Inc" -I"/home/ariolis/upsat-eps-software/epsSubsystem/epsSubsystem/Drivers/STM32L1xx_HAL_Driver/Inc" -I"/home/ariolis/upsat-eps-software/epsSubsystem/epsSubsystem/Drivers/STM32L1xx_HAL_Driver/Inc/Legacy" -I"/home/ariolis/upsat-eps-software/epsSubsystem/epsSubsystem/Drivers/CMSIS/Include" -I"/home/ariolis/upsat-eps-software/epsSubsystem/epsSubsystem/Drivers/CMSIS/Device/ST/STM32L1xx/Include"  -O0 -g3 -Wall -fmessage-length=0 -ffunction-sections -c -fmessage-length=0 -MMD -MP -MF"Drivers/STM32L1xx_HAL_Driver/Src/stm32l1xx_hal_pwr_ex.d" -MT"Drivers/STM32L1xx_HAL_Driver/Src/stm32l1xx_hal_pwr_ex.o" -o "Drivers/STM32L1xx_HAL_Driver/Src/stm32l1xx_hal_pwr_ex.o" "../Drivers/STM32L1xx_HAL_Driver/Src/stm32l1xx_hal_pwr_ex.c"
Finished building: ../Drivers/STM32L1xx_HAL_Driver/Src/stm32l1xx_hal_pwr_ex.c
 
Building file: ../Drivers/STM32L1xx_HAL_Driver/Src/stm32l1xx_hal_rcc.c
Invoking: MCU GCC Compiler
/home/ariolis/upsat-eps-software/epsSubsystem/epsSubsystem/Debug
arm-none-eabi-gcc -mcpu=cortex-m3 -mthumb -mfloat-abi=soft -D__weak="__attribute__((weak))" -D__packed="__attribute__((__packed__))" -DUSE_HAL_DRIVER -DSTM32L152xB -I"/home/ariolis/upsat-eps-software/epsSubsystem/epsSubsystem/Inc" -I"/home/ariolis/upsat-eps-software/epsSubsystem/epsSubsystem/Drivers/STM32L1xx_HAL_Driver/Inc" -I"/home/ariolis/upsat-eps-software/epsSubsystem/epsSubsystem/Drivers/STM32L1xx_HAL_Driver/Inc/Legacy" -I"/home/ariolis/upsat-eps-software/epsSubsystem/epsSubsystem/Drivers/CMSIS/Include" -I"/home/ariolis/upsat-eps-software/epsSubsystem/epsSubsystem/Drivers/CMSIS/Device/ST/STM32L1xx/Include"  -O0 -g3 -Wall -fmessage-length=0 -ffunction-sections -c -fmessage-length=0 -MMD -MP -MF"Drivers/STM32L1xx_HAL_Driver/Src/stm32l1xx_hal_rcc.d" -MT"Drivers/STM32L1xx_HAL_Driver/Src/stm32l1xx_hal_rcc.o" -o "Drivers/STM32L1xx_HAL_Driver/Src/stm32l1xx_hal_rcc.o" "../Drivers/STM32L1xx_HAL_Driver/Src/stm32l1xx_hal_rcc.c"
Finished building: ../Drivers/STM32L1xx_HAL_Driver/Src/stm32l1xx_hal_rcc.c
 
Building file: ../Drivers/STM32L1xx_HAL_Driver/Src/stm32l1xx_hal_rcc_ex.c
Invoking: MCU GCC Compiler
/home/ariolis/upsat-eps-software/epsSubsystem/epsSubsystem/Debug
arm-none-eabi-gcc -mcpu=cortex-m3 -mthumb -mfloat-abi=soft -D__weak="__attribute__((weak))" -D__packed="__attribute__((__packed__))" -DUSE_HAL_DRIVER -DSTM32L152xB -I"/home/ariolis/upsat-eps-software/epsSubsystem/epsSubsystem/Inc" -I"/home/ariolis/upsat-eps-software/epsSubsystem/epsSubsystem/Drivers/STM32L1xx_HAL_Driver/Inc" -I"/home/ariolis/upsat-eps-software/epsSubsystem/epsSubsystem/Drivers/STM32L1xx_HAL_Driver/Inc/Legacy" -I"/home/ariolis/upsat-eps-software/epsSubsystem/epsSubsystem/Drivers/CMSIS/Include" -I"/home/ariolis/upsat-eps-software/epsSubsystem/epsSubsystem/Drivers/CMSIS/Device/ST/STM32L1xx/Include"  -O0 -g3 -Wall -fmessage-length=0 -ffunction-sections -c -fmessage-length=0 -MMD -MP -MF"Drivers/STM32L1xx_HAL_Driver/Src/stm32l1xx_hal_rcc_ex.d" -MT"Drivers/STM32L1xx_HAL_Driver/Src/stm32l1xx_hal_rcc_ex.o" -o "Drivers/STM32L1xx_HAL_Driver/Src/stm32l1xx_hal_rcc_ex.o" "../Drivers/STM32L1xx_HAL_Driver/Src/stm32l1xx_hal_rcc_ex.c"
Finished building: ../Drivers/STM32L1xx_HAL_Driver/Src/stm32l1xx_hal_rcc_ex.c
 
Building file: ../Drivers/STM32L1xx_HAL_Driver/Src/stm32l1xx_hal_tim.c
Invoking: MCU GCC Compiler
/home/ariolis/upsat-eps-software/epsSubsystem/epsSubsystem/Debug
arm-none-eabi-gcc -mcpu=cortex-m3 -mthumb -mfloat-abi=soft -D__weak="__attribute__((weak))" -D__packed="__attribute__((__packed__))" -DUSE_HAL_DRIVER -DSTM32L152xB -I"/home/ariolis/upsat-eps-software/epsSubsystem/epsSubsystem/Inc" -I"/home/ariolis/upsat-eps-software/epsSubsystem/epsSubsystem/Drivers/STM32L1xx_HAL_Driver/Inc" -I"/home/ariolis/upsat-eps-software/epsSubsystem/epsSubsystem/Drivers/STM32L1xx_HAL_Driver/Inc/Legacy" -I"/home/ariolis/upsat-eps-software/epsSubsystem/epsSubsystem/Drivers/CMSIS/Include" -I"/home/ariolis/upsat-eps-software/epsSubsystem/epsSubsystem/Drivers/CMSIS/Device/ST/STM32L1xx/Include"  -O0 -g3 -Wall -fmessage-length=0 -ffunction-sections -c -fmessage-length=0 -MMD -MP -MF"Drivers/STM32L1xx_HAL_Driver/Src/stm32l1xx_hal_tim.d" -MT"Drivers/STM32L1xx_HAL_Driver/Src/stm32l1xx_hal_tim.o" -o "Drivers/STM32L1xx_HAL_Driver/Src/stm32l1xx_hal_tim.o" "../Drivers/STM32L1xx_HAL_Driver/Src/stm32l1xx_hal_tim.c"
Finished building: ../Drivers/STM32L1xx_HAL_Driver/Src/stm32l1xx_hal_tim.c
 
Building file: ../Drivers/STM32L1xx_HAL_Driver/Src/stm32l1xx_hal_tim_ex.c
Invoking: MCU GCC Compiler
/home/ariolis/upsat-eps-software/epsSubsystem/epsSubsystem/Debug
arm-none-eabi-gcc -mcpu=cortex-m3 -mthumb -mfloat-abi=soft -D__weak="__attribute__((weak))" -D__packed="__attribute__((__packed__))" -DUSE_HAL_DRIVER -DSTM32L152xB -I"/home/ariolis/upsat-eps-software/epsSubsystem/epsSubsystem/Inc" -I"/home/ariolis/upsat-eps-software/epsSubsystem/epsSubsystem/Drivers/STM32L1xx_HAL_Driver/Inc" -I"/home/ariolis/upsat-eps-software/epsSubsystem/epsSubsystem/Drivers/STM32L1xx_HAL_Driver/Inc/Legacy" -I"/home/ariolis/upsat-eps-software/epsSubsystem/epsSubsystem/Drivers/CMSIS/Include" -I"/home/ariolis/upsat-eps-software/epsSubsystem/epsSubsystem/Drivers/CMSIS/Device/ST/STM32L1xx/Include"  -O0 -g3 -Wall -fmessage-length=0 -ffunction-sections -c -fmessage-length=0 -MMD -MP -MF"Drivers/STM32L1xx_HAL_Driver/Src/stm32l1xx_hal_tim_ex.d" -MT"Drivers/STM32L1xx_HAL_Driver/Src/stm32l1xx_hal_tim_ex.o" -o "Drivers/STM32L1xx_HAL_Driver/Src/stm32l1xx_hal_tim_ex.o" "../Drivers/STM32L1xx_HAL_Driver/Src/stm32l1xx_hal_tim_ex.c"
Finished building: ../Drivers/STM32L1xx_HAL_Driver/Src/stm32l1xx_hal_tim_ex.c
 
Building file: ../Drivers/STM32L1xx_HAL_Driver/Src/stm32l1xx_hal_uart.c
Invoking: MCU GCC Compiler
/home/ariolis/upsat-eps-software/epsSubsystem/epsSubsystem/Debug
arm-none-eabi-gcc -mcpu=cortex-m3 -mthumb -mfloat-abi=soft -D__weak="__attribute__((weak))" -D__packed="__attribute__((__packed__))" -DUSE_HAL_DRIVER -DSTM32L152xB -I"/home/ariolis/upsat-eps-software/epsSubsystem/epsSubsystem/Inc" -I"/home/ariolis/upsat-eps-software/epsSubsystem/epsSubsystem/Drivers/STM32L1xx_HAL_Driver/Inc" -I"/home/ariolis/upsat-eps-software/epsSubsystem/epsSubsystem/Drivers/STM32L1xx_HAL_Driver/Inc/Legacy" -I"/home/ariolis/upsat-eps-software/epsSubsystem/epsSubsystem/Drivers/CMSIS/Include" -I"/home/ariolis/upsat-eps-software/epsSubsystem/epsSubsystem/Drivers/CMSIS/Device/ST/STM32L1xx/Include"  -O0 -g3 -Wall -fmessage-length=0 -ffunction-sections -c -fmessage-length=0 -MMD -MP -MF"Drivers/STM32L1xx_HAL_Driver/Src/stm32l1xx_hal_uart.d" -MT"Drivers/STM32L1xx_HAL_Driver/Src/stm32l1xx_hal_uart.o" -o "Drivers/STM32L1xx_HAL_Driver/Src/stm32l1xx_hal_uart.o" "../Drivers/STM32L1xx_HAL_Driver/Src/stm32l1xx_hal_uart.c"
Finished building: ../Drivers/STM32L1xx_HAL_Driver/Src/stm32l1xx_hal_uart.c
 
Building file: ../Drivers/CMSIS/Device/ST/STM32L1xx/Source/Templates/gcc/startup_stm32l152xb.s
Invoking: MCU GCC Assembler
/home/ariolis/upsat-eps-software/epsSubsystem/epsSubsystem/Debug
arm-none-eabi-as -mcpu=cortex-m3 -mthumb -mfloat-abi=soft -g -o "Drivers/CMSIS/Device/ST/STM32L1xx/Source/Templates/gcc/startup_stm32l152xb.o" "../Drivers/CMSIS/Device/ST/STM32L1xx/Source/Templates/gcc/startup_stm32l152xb.s"
Finished building: ../Drivers/CMSIS/Device/ST/STM32L1xx/Source/Templates/gcc/startup_stm32l152xb.s
 
Building file: ../Drivers/CMSIS/Device/ST/STM32L1xx/Source/Templates/system_stm32l1xx.c
Invoking: MCU GCC Compiler
/home/ariolis/upsat-eps-software/epsSubsystem/epsSubsystem/Debug
arm-none-eabi-gcc -mcpu=cortex-m3 -mthumb -mfloat-abi=soft -D__weak="__attribute__((weak))" -D__packed="__attribute__((__packed__))" -DUSE_HAL_DRIVER -DSTM32L152xB -I"/home/ariolis/upsat-eps-software/epsSubsystem/epsSubsystem/Inc" -I"/home/ariolis/upsat-eps-software/epsSubsystem/epsSubsystem/Drivers/STM32L1xx_HAL_Driver/Inc" -I"/home/ariolis/upsat-eps-software/epsSubsystem/epsSubsystem/Drivers/STM32L1xx_HAL_Driver/Inc/Legacy" -I"/home/ariolis/upsat-eps-software/epsSubsystem/epsSubsystem/Drivers/CMSIS/Include" -I"/home/ariolis/upsat-eps-software/epsSubsystem/epsSubsystem/Drivers/CMSIS/Device/ST/STM32L1xx/Include"  -O0 -g3 -Wall -fmessage-length=0 -ffunction-sections -c -fmessage-length=0 -MMD -MP -MF"Drivers/CMSIS/Device/ST/STM32L1xx/Source/Templates/system_stm32l1xx.d" -MT"Drivers/CMSIS/Device/ST/STM32L1xx/Source/Templates/system_stm32l1xx.o" -o "Drivers/CMSIS/Device/ST/STM32L1xx/Source/Templates/system_stm32l1xx.o" "../Drivers/CMSIS/Device/ST/STM32L1xx/Source/Templates/system_stm32l1xx.c"
Finished building: ../Drivers/CMSIS/Device/ST/STM32L1xx/Source/Templates/system_stm32l1xx.c
 
Building target: epsSubsystem.elf
Invoking: MCU GCC Linker
arm-none-eabi-gcc -mcpu=cortex-m3 -mthumb -mfloat-abi=soft -specs=nosys.specs -specs=nano.specs -T"../STM32L152RBTx_FLASH.ld" -Wl,-Map=output.map -Wl,--gc-sections -lm -o "epsSubsystem.elf" @"objects.list"  
Finished building target: epsSubsystem.elf
 
make --no-print-directory post-build
Generating binary and Printing size information:
arm-none-eabi-objcopy -O binary "epsSubsystem.elf" "epsSubsystem.bin"
arm-none-eabi-size "epsSubsystem.elf"
   text	   data	    bss	    dec	    hex	filename
  20420	     16	   2992	  23428	   5b84	epsSubsystem.elf
 
